// Jest Snapshot v1, https://goo.gl/fbAQLP

exports[`LoginScreen se debe de renderizar correctamente 1`] = `
<div
  className="container login-container"
>
  <div
    className="row"
  >
    <div
      className="col-md-6 m-auto text-center login-form-1"
    >
      <h3>
        Ingreso
      </h3>
      <form
        onSubmit={[Function]}
      >
        <div
          className="form-group"
        >
          <input
            className="form-control"
            name="email"
            onChange={[Function]}
            placeholder="Correo"
            type="text"
            value="daniel@gmail.com"
          />
        </div>
        <div
          className="form-group"
        >
          <input
            className="form-control"
            name="password"
            onChange={[Function]}
            placeholder="ContraseÃ±a"
            type="password"
            value="123456"
          />
        </div>
        <div
          className="form-group"
        >
          <input
            className="btnSubmit"
            type="submit"
            value="Login"
          />
        </div>
      </form>
      <a
        href="/register"
        onClick={[Function]}
      >
         or register 
      </a>
    </div>
  </div>
</div>
`;
