// Jest Snapshot v1, https://goo.gl/fbAQLP

exports[`RegisterScreen se debe de renderizar correctamente 1`] = `
<div
  className="container login-container register"
>
  <div
    className="row"
  >
    <div
      className="col-md-6 text-center m-auto login-form-2"
    >
      <h3>
        Registro
      </h3>
      <form
        onSubmit={[Function]}
      >
        <div
          className="form-group"
        >
          <input
            className="form-control"
            name="name"
            onChange={[Function]}
            placeholder="Nombre"
            type="text"
            value="Andres"
          />
        </div>
        <div
          className="form-group"
        >
          <input
            className="form-control"
            name="email"
            onChange={[Function]}
            placeholder="Correo"
            type="email"
            value="andres@gmail.com"
          />
        </div>
        <div
          className="form-group"
        >
          <input
            className="form-control"
            name="password1"
            onChange={[Function]}
            placeholder="Contraseña"
            type="password"
            value="123456"
          />
        </div>
        <div
          className="form-group"
        >
          <input
            className="form-control"
            name="password2"
            onChange={[Function]}
            placeholder="Repita la contraseña"
            type="password"
            value="123456"
          />
        </div>
        <div
          className="form-group"
        >
          <input
            className="btnSubmit"
            type="submit"
            value="Crear cuenta"
          />
        </div>
      </form>
      <a
        className="text-white"
        href="/login"
        onClick={[Function]}
      >
         Sign in 
      </a>
    </div>
  </div>
</div>
`;
